Number of symmetry operations: 24
Op #: 1
 -1.000000   0.000000   0.000000
  0.000000  -1.000000   0.000000
  0.000000   0.000000  -1.000000
shift:   0.0000   0.0000   0.0000
Op #: 2
 -1.000000   0.000000   0.000000
  0.000000  -1.000000   0.000000
  0.000000   0.000000  -1.000000
shift:   0.2500   0.2500   0.2500
Op #: 3
  0.000000  -1.000000   0.000000
 -1.000000   0.000000   0.000000
  0.000000   0.000000  -1.000000
shift:   0.0000   0.0000   0.0000
Op #: 4
  0.000000  -1.000000   0.000000
 -1.000000   0.000000   0.000000
  0.000000   0.000000  -1.000000
shift:   0.2500   0.2500   0.2500
Op #: 5
 -1.000000   0.000000   0.000000
  0.000000   0.000000  -1.000000
  0.000000  -1.000000   0.000000
shift:   0.0000   0.0000   0.0000
Op #: 6
 -1.000000   0.000000   0.000000
  0.000000   0.000000  -1.000000
  0.000000  -1.000000   0.000000
shift:   0.2500   0.2500   0.2500
Op #: 7
  0.000000   0.000000  -1.000000
 -1.000000   0.000000   0.000000
  0.000000  -1.000000   0.000000
shift:   0.0000   0.0000   0.0000
Op #: 8
  0.000000   0.000000  -1.000000
 -1.000000   0.000000   0.000000
  0.000000  -1.000000   0.000000
shift:   0.2500   0.2500   0.2500
Op #: 9
  0.000000  -1.000000   0.000000
  0.000000   0.000000  -1.000000
 -1.000000   0.000000   0.000000
shift:   0.0000   0.0000   0.0000
Op #:10
  0.000000  -1.000000   0.000000
  0.000000   0.000000  -1.000000
 -1.000000   0.000000   0.000000
shift:   0.2500   0.2500   0.2500
Op #:11
  0.000000   0.000000  -1.000000
  0.000000  -1.000000   0.000000
 -1.000000   0.000000   0.000000
shift:   0.0000   0.0000   0.0000
Op #:12
  0.000000   0.000000  -1.000000
  0.000000  -1.000000   0.000000
 -1.000000   0.000000   0.000000
shift:   0.2500   0.2500   0.2500
Op #:13
  0.000000   0.000000   1.000000
  0.000000   1.000000   0.000000
  1.000000   0.000000   0.000000
shift:   0.0000   0.0000   0.0000
Op #:14
  0.000000   0.000000   1.000000
  0.000000   1.000000   0.000000
  1.000000   0.000000   0.000000
shift:   0.2500   0.2500   0.2500
Op #:15
  0.000000   1.000000   0.000000
  0.000000   0.000000   1.000000
  1.000000   0.000000   0.000000
shift:   0.0000   0.0000   0.0000
Op #:16
  0.000000   1.000000   0.000000
  0.000000   0.000000   1.000000
  1.000000   0.000000   0.000000
shift:   0.2500   0.2500   0.2500
Op #:17
  0.000000   0.000000   1.000000
  1.000000   0.000000   0.000000
  0.000000   1.000000   0.000000
shift:   0.0000   0.0000   0.0000
Op #:18
  0.000000   0.000000   1.000000
  1.000000   0.000000   0.000000
  0.000000   1.000000   0.000000
shift:   0.2500   0.2500   0.2500
Op #:19
  1.000000   0.000000   0.000000
  0.000000   0.000000   1.000000
  0.000000   1.000000   0.000000
shift:   0.0000   0.0000   0.0000
Op #:20
  1.000000   0.000000   0.000000
  0.000000   0.000000   1.000000
  0.000000   1.000000   0.000000
shift:   0.2500   0.2500   0.2500
Op #:21
  0.000000   1.000000   0.000000
  1.000000   0.000000   0.000000
  0.000000   0.000000   1.000000
shift:   0.0000   0.0000   0.0000
Op #:22
  0.000000   1.000000   0.000000
  1.000000   0.000000   0.000000
  0.000000   0.000000   1.000000
shift:   0.2500   0.2500   0.2500
Op #:23
  1.000000   0.000000   0.000000
  0.000000   1.000000   0.000000
  0.000000   0.000000   1.000000
shift:   0.0000   0.0000   0.0000
Op #:24
  1.000000   0.000000   0.000000
  0.000000   1.000000   0.000000
  0.000000   0.000000   1.000000
shift:   0.2500   0.2500   0.2500
