Random structure enumeration: 2016-11-03 11:48:42.173419
bulk
 1.0000000       0.0000000       0.0000000
 0.0000000       1.0000000       0.0000000
 0.0000000       0.0000000       1.0000000
    1
  0.0000000       0.0000000       0.0000000
 3-nary case
   1   2
 1e-7
Concentration check:
    T
full list of labelings (including incomplete labelings) is used 
Equivalency list: 1 #Not used in the random enumeration algorithm 
start   #tot      HNF     Hdegn   labdegn   Totdegn   #size idx    pg    SNF             HNF                 Left transform                          labeling                 directions
         1         1       1        1        1           1   1     1   1  1  1    1  0  1  0  0  1      1    0    0    0    1    0    0    0    1    0                        0
         2         1       1        1        1           2   1     1   1  1  1    1  0  1  0  0  1      1    0    0    0    1    0    0    0    1    1                        0
         3         1       1        1        1           3   1     1   1  1  1    1  0  1  0  0  1      1    0    0    0    1    0    0    0    1    2                        1
         4         1       1        1        1           1   2     1   1  1  2    1  0  1  0  1  2      1    0    0    0    1    0    0   -1    1    01                       00
         5         1       1        1        1           2   2     1   1  1  2    1  0  1  1  1  2      1    0    0    0    1    0   -1   -1    1    01                       00
         6         1       1        1        1           3   2     1   1  1  2    1  0  1  0  0  2      1    0    0    0    1    0    0    0    1    01                       00
         7         1       1        1        1           4   2     1   1  1  2    1  0  1  1  1  2      1    0    0    0    1    0   -1   -1    1    02                       01
         8         1       1        1        1           5   2     1   1  1  2    1  0  1  0  1  2      1    0    0    0    1    0    0   -1    1    02                       01
         9         1       1        1        1           6   2     1   1  1  2    1  0  1  0  1  2      1    0    0    0    1    0    0   -1    1    02                       03
        10         1       1        1        1           7   2     1   1  1  2    1  0  1  0  0  2      1    0    0    0    1    0    0    0    1    02                       01
        11         1       1        1        1           8   2     1   1  1  2    1  0  1  0  0  2      1    0    0    0    1    0    0    0    1    02                       05
        12         1       1        1        1           9   2     1   1  1  2    1  0  1  0  1  2      1    0    0    0    1    0    0   -1    1    12                       01
        13         1       1        1        1          10   2     1   1  1  2    1  0  1  0  1  2      1    0    0    0    1    0    0   -1    1    12                       03
        14         1       1        1        1          11   2     1   1  1  2    1  0  1  1  1  2      1    0    0    0    1    0   -1   -1    1    12                       01
        15         1       1        1        1          12   2     1   1  1  2    1  0  1  0  0  2      1    0    0    0    1    0    0    0    1    12                       01
        16         1       1        1        1          13   2     1   1  1  2    1  0  1  0  0  2      1    0    0    0    1    0    0    0    1    12                       05
        17         1       1        1        1          14   2     1   1  1  2    1  0  1  1  1  2      1    0    0    0    1    0   -1   -1    1    22                       21
        18         1       1        1        1          15   2     1   1  1  2    1  0  1  1  1  2      1    0    0    0    1    0   -1   -1    1    22                       31
        19         1       1        1        1          16   2     1   1  1  2    1  0  1  0  1  2      1    0    0    0    1    0    0   -1    1    22                       21
        20         1       1        1        1          17   2     1   1  1  2    1  0  1  0  1  2      1    0    0    0    1    0    0   -1    1    22                       31
        21         1       1        1        1          18   2     1   1  1  2    1  0  1  0  1  2      1    0    0    0    1    0    0   -1    1    22                       43
        22         1       1        1        1          19   2     1   1  1  2    1  0  1  0  1  2      1    0    0    0    1    0    0   -1    1    22                       53
        23         1       1        1        1          20   2     1   1  1  2    1  0  1  0  0  2      1    0    0    0    1    0    0    0    1    22                       21
        24         1       1        1        1          21   2     1   1  1  2    1  0  1  0  0  2      1    0    0    0    1    0    0    0    1    22                       31
        25         1       1        1        1          22   2     1   1  1  2    1  0  1  0  0  2      1    0    0    0    1    0    0    0    1    22                       51
        26         1       1        1        1          23   2     1   1  1  2    1  0  1  0  0  2      1    0    0    0    1    0    0    0    1    22                       65
