[36mConcentrations are being restricted.[0m
('HNF', array([1, 0, 1, 0, 0, 1]))
*************************************************************
concentrations
1
group
0
0
0
0
0
0
0
0
0
0
0
0
0
0
0
0
0
0
0
0
0
0
0
0
0
0
0
0
0
0
0
0
0
0
0
0
0
0
0
0
0
0
0
0
0
0
0
0
a group
0 1 2 3 4 5
0 1 2 3 5 4
0 1 3 2 4 5
0 1 3 2 5 4
0 1 4 5 2 3
0 1 4 5 3 2
0 1 5 4 2 3
0 1 5 4 3 2
1 0 2 3 4 5
1 0 2 3 5 4
1 0 3 2 4 5
1 0 3 2 5 4
1 0 4 5 2 3
1 0 4 5 3 2
1 0 5 4 2 3
1 0 5 4 3 2
2 3 0 1 4 5
2 3 0 1 5 4
2 3 1 0 4 5
2 3 1 0 5 4
2 3 4 5 0 1
2 3 4 5 1 0
2 3 5 4 0 1
2 3 5 4 1 0
3 2 0 1 4 5
3 2 0 1 5 4
3 2 1 0 4 5
3 2 1 0 5 4
3 2 4 5 0 1
3 2 4 5 1 0
3 2 5 4 0 1
3 2 5 4 1 0
4 5 0 1 2 3
4 5 0 1 3 2
4 5 1 0 2 3
4 5 1 0 3 2
4 5 2 3 0 1
4 5 2 3 1 0
4 5 3 2 0 1
4 5 3 2 1 0
5 4 0 1 2 3
5 4 0 1 3 2
5 4 1 0 2 3
5 4 1 0 3 2
5 4 2 3 0 1
5 4 2 3 1 0
5 4 3 2 0 1
5 4 3 2 1 0
('arrowings', 1)
('coef', 1)
*************************************************************
concentrations
0 1 0
group
0
0
0
0
0
0
0
0
0
0
0
0
0
0
0
0
0
0
0
0
0
0
0
0
0
0
0
0
0
0
0
0
0
0
0
0
0
0
0
0
0
0
0
0
0
0
0
0
a group
0 1 2 3 4 5
0 1 2 3 5 4
0 1 3 2 4 5
0 1 3 2 5 4
0 1 4 5 2 3
0 1 4 5 3 2
0 1 5 4 2 3
0 1 5 4 3 2
1 0 2 3 4 5
1 0 2 3 5 4
1 0 3 2 4 5
1 0 3 2 5 4
1 0 4 5 2 3
1 0 4 5 3 2
1 0 5 4 2 3
1 0 5 4 3 2
2 3 0 1 4 5
2 3 0 1 5 4
2 3 1 0 4 5
2 3 1 0 5 4
2 3 4 5 0 1
2 3 4 5 1 0
2 3 5 4 0 1
2 3 5 4 1 0
3 2 0 1 4 5
3 2 0 1 5 4
3 2 1 0 4 5
3 2 1 0 5 4
3 2 4 5 0 1
3 2 4 5 1 0
3 2 5 4 0 1
3 2 5 4 1 0
4 5 0 1 2 3
4 5 0 1 3 2
4 5 1 0 2 3
4 5 1 0 3 2
4 5 2 3 0 1
4 5 2 3 1 0
4 5 3 2 0 1
4 5 3 2 1 0
5 4 0 1 2 3
5 4 0 1 3 2
5 4 1 0 2 3
5 4 1 0 3 2
5 4 2 3 0 1
5 4 2 3 1 0
5 4 3 2 0 1
5 4 3 2 1 0
('arrowings', None)
('coef', 1)
*************************************************************
concentrations
1 0 0
group
0
0
0
0
0
0
0
0
0
0
0
0
0
0
0
0
0
0
0
0
0
0
0
0
0
0
0
0
0
0
0
0
0
0
0
0
0
0
0
0
0
0
0
0
0
0
0
0
a group
0 1 2 3 4 5
0 1 2 3 5 4
0 1 3 2 4 5
0 1 3 2 5 4
0 1 4 5 2 3
0 1 4 5 3 2
0 1 5 4 2 3
0 1 5 4 3 2
1 0 2 3 4 5
1 0 2 3 5 4
1 0 3 2 4 5
1 0 3 2 5 4
1 0 4 5 2 3
1 0 4 5 3 2
1 0 5 4 2 3
1 0 5 4 3 2
2 3 0 1 4 5
2 3 0 1 5 4
2 3 1 0 4 5
2 3 1 0 5 4
2 3 4 5 0 1
2 3 4 5 1 0
2 3 5 4 0 1
2 3 5 4 1 0
3 2 0 1 4 5
3 2 0 1 5 4
3 2 1 0 4 5
3 2 1 0 5 4
3 2 4 5 0 1
3 2 4 5 1 0
3 2 5 4 0 1
3 2 5 4 1 0
4 5 0 1 2 3
4 5 0 1 3 2
4 5 1 0 2 3
4 5 1 0 3 2
4 5 2 3 0 1
4 5 2 3 1 0
4 5 3 2 0 1
4 5 3 2 1 0
5 4 0 1 2 3
5 4 0 1 3 2
5 4 1 0 2 3
5 4 1 0 3 2
5 4 2 3 0 1
5 4 2 3 1 0
5 4 3 2 0 1
5 4 3 2 1 0
('arrowings', None)
('coef', 1)
('HNF', array([1, 0, 1, 0, 0, 2]))
*************************************************************
concentrations
2
group
0 1
1 0
0 1
1 0
0 1
1 0
0 1
1 0
0 1
1 0
0 1
1 0
0 1
1 0
0 1
1 0
0 1
1 0
0 1
1 0
0 1
1 0
0 1
1 0
0 1
1 0
0 1
1 0
0 1
1 0
0 1
1 0
a group
0 1 2 3 4 5
0 1 2 3 4 5
0 1 2 3 5 4
0 1 2 3 5 4
0 1 3 2 4 5
0 1 3 2 4 5
0 1 3 2 5 4
0 1 3 2 5 4
1 0 2 3 4 5
1 0 2 3 4 5
1 0 2 3 5 4
1 0 2 3 5 4
1 0 3 2 4 5
1 0 3 2 4 5
1 0 3 2 5 4
1 0 3 2 5 4
2 3 0 1 4 5
2 3 0 1 4 5
2 3 0 1 5 4
2 3 0 1 5 4
2 3 1 0 4 5
2 3 1 0 4 5
2 3 1 0 5 4
2 3 1 0 5 4
3 2 0 1 4 5
3 2 0 1 4 5
3 2 0 1 5 4
3 2 0 1 5 4
3 2 1 0 4 5
3 2 1 0 4 5
3 2 1 0 5 4
3 2 1 0 5 4
('arrowings', 1)
('coef', 6)
*************************************************************
concentrations
1 1
group
0 1
1 0
0 1
1 0
0 1
1 0
0 1
1 0
0 1
1 0
0 1
1 0
0 1
1 0
0 1
1 0
0 1
1 0
0 1
1 0
0 1
1 0
0 1
1 0
0 1
1 0
0 1
1 0
0 1
1 0
0 1
1 0
a group
0 1 2 3 4 5
0 1 2 3 4 5
0 1 2 3 5 4
0 1 2 3 5 4
0 1 3 2 4 5
0 1 3 2 4 5
0 1 3 2 5 4
0 1 3 2 5 4
1 0 2 3 4 5
1 0 2 3 4 5
1 0 2 3 5 4
1 0 2 3 5 4
1 0 3 2 4 5
1 0 3 2 4 5
1 0 3 2 5 4
1 0 3 2 5 4
2 3 0 1 4 5
2 3 0 1 4 5
2 3 0 1 5 4
2 3 0 1 5 4
2 3 1 0 4 5
2 3 1 0 4 5
2 3 1 0 5 4
2 3 1 0 5 4
3 2 0 1 4 5
3 2 0 1 4 5
3 2 0 1 5 4
3 2 0 1 5 4
3 2 1 0 4 5
3 2 1 0 4 5
3 2 1 0 5 4
3 2 1 0 5 4
('arrowings', 1)
('coef', 2)
*************************************************************
concentrations
0 2 0
group
0 1
1 0
0 1
1 0
0 1
1 0
0 1
1 0
0 1
1 0
0 1
1 0
0 1
1 0
0 1
1 0
0 1
1 0
0 1
1 0
0 1
1 0
0 1
1 0
0 1
1 0
0 1
1 0
0 1
1 0
0 1
1 0
a group
0 1 2 3 4 5
0 1 2 3 4 5
0 1 2 3 5 4
0 1 2 3 5 4
0 1 3 2 4 5
0 1 3 2 4 5
0 1 3 2 5 4
0 1 3 2 5 4
1 0 2 3 4 5
1 0 2 3 4 5
1 0 2 3 5 4
1 0 2 3 5 4
1 0 3 2 4 5
1 0 3 2 4 5
1 0 3 2 5 4
1 0 3 2 5 4
2 3 0 1 4 5
2 3 0 1 4 5
2 3 0 1 5 4
2 3 0 1 5 4
2 3 1 0 4 5
2 3 1 0 4 5
2 3 1 0 5 4
2 3 1 0 5 4
3 2 0 1 4 5
3 2 0 1 4 5
3 2 0 1 5 4
3 2 0 1 5 4
3 2 1 0 4 5
3 2 1 0 4 5
3 2 1 0 5 4
3 2 1 0 5 4
('arrowings', None)
('coef', 1)
*************************************************************
concentrations
1 1
group
0 1
1 0
0 1
1 0
0 1
1 0
0 1
1 0
0 1
1 0
0 1
1 0
0 1
1 0
0 1
1 0
0 1
1 0
0 1
1 0
0 1
1 0
0 1
1 0
0 1
1 0
0 1
1 0
0 1
1 0
0 1
1 0
a group
0 1 2 3 4 5
0 1 2 3 4 5
0 1 2 3 5 4
0 1 2 3 5 4
0 1 3 2 4 5
0 1 3 2 4 5
0 1 3 2 5 4
0 1 3 2 5 4
1 0 2 3 4 5
1 0 2 3 4 5
1 0 2 3 5 4
1 0 2 3 5 4
1 0 3 2 4 5
1 0 3 2 4 5
1 0 3 2 5 4
1 0 3 2 5 4
2 3 0 1 4 5
2 3 0 1 4 5
2 3 0 1 5 4
2 3 0 1 5 4
2 3 1 0 4 5
2 3 1 0 4 5
2 3 1 0 5 4
2 3 1 0 5 4
3 2 0 1 4 5
3 2 0 1 4 5
3 2 0 1 5 4
3 2 0 1 5 4
3 2 1 0 4 5
3 2 1 0 4 5
3 2 1 0 5 4
3 2 1 0 5 4
('arrowings', 1)
('coef', 2)
*************************************************************
concentrations
1 1 0
group
0 1
1 0
0 1
1 0
0 1
1 0
0 1
1 0
0 1
1 0
0 1
1 0
0 1
1 0
0 1
1 0
0 1
1 0
0 1
1 0
0 1
1 0
0 1
1 0
0 1
1 0
0 1
1 0
0 1
1 0
0 1
1 0
a group
0 1 2 3 4 5
0 1 2 3 4 5
0 1 2 3 5 4
0 1 2 3 5 4
0 1 3 2 4 5
0 1 3 2 4 5
0 1 3 2 5 4
0 1 3 2 5 4
1 0 2 3 4 5
1 0 2 3 4 5
1 0 2 3 5 4
1 0 2 3 5 4
1 0 3 2 4 5
1 0 3 2 4 5
1 0 3 2 5 4
1 0 3 2 5 4
2 3 0 1 4 5
2 3 0 1 4 5
2 3 0 1 5 4
2 3 0 1 5 4
2 3 1 0 4 5
2 3 1 0 4 5
2 3 1 0 5 4
2 3 1 0 5 4
3 2 0 1 4 5
3 2 0 1 4 5
3 2 0 1 5 4
3 2 0 1 5 4
3 2 1 0 4 5
3 2 1 0 4 5
3 2 1 0 5 4
3 2 1 0 5 4
('arrowings', None)
('coef', 1)
*************************************************************
concentrations
2 0 0
group
0 1
1 0
0 1
1 0
0 1
1 0
0 1
1 0
0 1
1 0
0 1
1 0
0 1
1 0
0 1
1 0
0 1
1 0
0 1
1 0
0 1
1 0
0 1
1 0
0 1
1 0
0 1
1 0
0 1
1 0
0 1
1 0
a group
0 1 2 3 4 5
0 1 2 3 4 5
0 1 2 3 5 4
0 1 2 3 5 4
0 1 3 2 4 5
0 1 3 2 4 5
0 1 3 2 5 4
0 1 3 2 5 4
1 0 2 3 4 5
1 0 2 3 4 5
1 0 2 3 5 4
1 0 2 3 5 4
1 0 3 2 4 5
1 0 3 2 4 5
1 0 3 2 5 4
1 0 3 2 5 4
2 3 0 1 4 5
2 3 0 1 4 5
2 3 0 1 5 4
2 3 0 1 5 4
2 3 1 0 4 5
2 3 1 0 4 5
2 3 1 0 5 4
2 3 1 0 5 4
3 2 0 1 4 5
3 2 0 1 4 5
3 2 0 1 5 4
3 2 0 1 5 4
3 2 1 0 4 5
3 2 1 0 4 5
3 2 1 0 5 4
3 2 1 0 5 4
('arrowings', None)
('coef', 1)
('HNF', array([1, 0, 1, 0, 1, 2]))
*************************************************************
concentrations
2
group
0 1
1 0
0 1
1 0
0 1
1 0
0 1
1 0
0 1
1 0
0 1
1 0
0 1
1 0
0 1
1 0
0 1
1 0
0 1
1 0
0 1
1 0
0 1
1 0
0 1
1 0
0 1
1 0
0 1
1 0
0 1
1 0
a group
0 1 2 3 4 5
0 1 2 3 4 5
0 1 2 3 5 4
0 1 2 3 5 4
0 1 3 2 4 5
0 1 3 2 4 5
0 1 3 2 5 4
0 1 3 2 5 4
0 1 4 5 2 3
0 1 4 5 2 3
0 1 4 5 3 2
0 1 4 5 3 2
0 1 5 4 2 3
0 1 5 4 2 3
0 1 5 4 3 2
0 1 5 4 3 2
1 0 2 3 4 5
1 0 2 3 4 5
1 0 2 3 5 4
1 0 2 3 5 4
1 0 3 2 4 5
1 0 3 2 4 5
1 0 3 2 5 4
1 0 3 2 5 4
1 0 4 5 2 3
1 0 4 5 2 3
1 0 4 5 3 2
1 0 4 5 3 2
1 0 5 4 2 3
1 0 5 4 2 3
1 0 5 4 3 2
1 0 5 4 3 2
('arrowings', 1)
('coef', 6)
*************************************************************
concentrations
1 1
group
0 1
1 0
0 1
1 0
0 1
1 0
0 1
1 0
0 1
1 0
0 1
1 0
0 1
1 0
0 1
1 0
0 1
1 0
0 1
1 0
0 1
1 0
0 1
1 0
0 1
1 0
0 1
1 0
0 1
1 0
0 1
1 0
a group
0 1 2 3 4 5
0 1 2 3 4 5
0 1 2 3 5 4
0 1 2 3 5 4
0 1 3 2 4 5
0 1 3 2 4 5
0 1 3 2 5 4
0 1 3 2 5 4
0 1 4 5 2 3
0 1 4 5 2 3
0 1 4 5 3 2
0 1 4 5 3 2
0 1 5 4 2 3
0 1 5 4 2 3
0 1 5 4 3 2
0 1 5 4 3 2
1 0 2 3 4 5
1 0 2 3 4 5
1 0 2 3 5 4
1 0 2 3 5 4
1 0 3 2 4 5
1 0 3 2 4 5
1 0 3 2 5 4
1 0 3 2 5 4
1 0 4 5 2 3
1 0 4 5 2 3
1 0 4 5 3 2
1 0 4 5 3 2
1 0 5 4 2 3
1 0 5 4 2 3
1 0 5 4 3 2
1 0 5 4 3 2
('arrowings', 1)
('coef', 2)
*************************************************************
concentrations
0 2 0
group
0 1
1 0
0 1
1 0
0 1
1 0
0 1
1 0
0 1
1 0
0 1
1 0
0 1
1 0
0 1
1 0
0 1
1 0
0 1
1 0
0 1
1 0
0 1
1 0
0 1
1 0
0 1
1 0
0 1
1 0
0 1
1 0
a group
0 1 2 3 4 5
0 1 2 3 4 5
0 1 2 3 5 4
0 1 2 3 5 4
0 1 3 2 4 5
0 1 3 2 4 5
0 1 3 2 5 4
0 1 3 2 5 4
0 1 4 5 2 3
0 1 4 5 2 3
0 1 4 5 3 2
0 1 4 5 3 2
0 1 5 4 2 3
0 1 5 4 2 3
0 1 5 4 3 2
0 1 5 4 3 2
1 0 2 3 4 5
1 0 2 3 4 5
1 0 2 3 5 4
1 0 2 3 5 4
1 0 3 2 4 5
1 0 3 2 4 5
1 0 3 2 5 4
1 0 3 2 5 4
1 0 4 5 2 3
1 0 4 5 2 3
1 0 4 5 3 2
1 0 4 5 3 2
1 0 5 4 2 3
1 0 5 4 2 3
1 0 5 4 3 2
1 0 5 4 3 2
('arrowings', None)
('coef', 1)
*************************************************************
concentrations
1 1
group
0 1
1 0
0 1
1 0
0 1
1 0
0 1
1 0
0 1
1 0
0 1
1 0
0 1
1 0
0 1
1 0
0 1
1 0
0 1
1 0
0 1
1 0
0 1
1 0
0 1
1 0
0 1
1 0
0 1
1 0
0 1
1 0
a group
0 1 2 3 4 5
0 1 2 3 4 5
0 1 2 3 5 4
0 1 2 3 5 4
0 1 3 2 4 5
0 1 3 2 4 5
0 1 3 2 5 4
0 1 3 2 5 4
0 1 4 5 2 3
0 1 4 5 2 3
0 1 4 5 3 2
0 1 4 5 3 2
0 1 5 4 2 3
0 1 5 4 2 3
0 1 5 4 3 2
0 1 5 4 3 2
1 0 2 3 4 5
1 0 2 3 4 5
1 0 2 3 5 4
1 0 2 3 5 4
1 0 3 2 4 5
1 0 3 2 4 5
1 0 3 2 5 4
1 0 3 2 5 4
1 0 4 5 2 3
1 0 4 5 2 3
1 0 4 5 3 2
1 0 4 5 3 2
1 0 5 4 2 3
1 0 5 4 2 3
1 0 5 4 3 2
1 0 5 4 3 2
('arrowings', 1)
('coef', 2)
*************************************************************
concentrations
1 1 0
group
0 1
1 0
0 1
1 0
0 1
1 0
0 1
1 0
0 1
1 0
0 1
1 0
0 1
1 0
0 1
1 0
0 1
1 0
0 1
1 0
0 1
1 0
0 1
1 0
0 1
1 0
0 1
1 0
0 1
1 0
0 1
1 0
a group
0 1 2 3 4 5
0 1 2 3 4 5
0 1 2 3 5 4
0 1 2 3 5 4
0 1 3 2 4 5
0 1 3 2 4 5
0 1 3 2 5 4
0 1 3 2 5 4
0 1 4 5 2 3
0 1 4 5 2 3
0 1 4 5 3 2
0 1 4 5 3 2
0 1 5 4 2 3
0 1 5 4 2 3
0 1 5 4 3 2
0 1 5 4 3 2
1 0 2 3 4 5
1 0 2 3 4 5
1 0 2 3 5 4
1 0 2 3 5 4
1 0 3 2 4 5
1 0 3 2 4 5
1 0 3 2 5 4
1 0 3 2 5 4
1 0 4 5 2 3
1 0 4 5 2 3
1 0 4 5 3 2
1 0 4 5 3 2
1 0 5 4 2 3
1 0 5 4 2 3
1 0 5 4 3 2
1 0 5 4 3 2
('arrowings', None)
('coef', 1)
*************************************************************
concentrations
2 0 0
group
0 1
1 0
0 1
1 0
0 1
1 0
0 1
1 0
0 1
1 0
0 1
1 0
0 1
1 0
0 1
1 0
0 1
1 0
0 1
1 0
0 1
1 0
0 1
1 0
0 1
1 0
0 1
1 0
0 1
1 0
0 1
1 0
a group
0 1 2 3 4 5
0 1 2 3 4 5
0 1 2 3 5 4
0 1 2 3 5 4
0 1 3 2 4 5
0 1 3 2 4 5
0 1 3 2 5 4
0 1 3 2 5 4
0 1 4 5 2 3
0 1 4 5 2 3
0 1 4 5 3 2
0 1 4 5 3 2
0 1 5 4 2 3
0 1 5 4 2 3
0 1 5 4 3 2
0 1 5 4 3 2
1 0 2 3 4 5
1 0 2 3 4 5
1 0 2 3 5 4
1 0 2 3 5 4
1 0 3 2 4 5
1 0 3 2 4 5
1 0 3 2 5 4
1 0 3 2 5 4
1 0 4 5 2 3
1 0 4 5 2 3
1 0 4 5 3 2
1 0 4 5 3 2
1 0 5 4 2 3
1 0 5 4 2 3
1 0 5 4 3 2
1 0 5 4 3 2
('arrowings', None)
('coef', 1)
('HNF', array([1, 0, 1, 1, 1, 2]))
*************************************************************
concentrations
2
group
0 1
1 0
0 1
1 0
0 1
1 0
0 1
1 0
0 1
1 0
0 1
1 0
0 1
1 0
0 1
1 0
0 1
1 0
0 1
1 0
0 1
1 0
0 1
1 0
0 1
1 0
0 1
1 0
0 1
1 0
0 1
1 0
0 1
1 0
0 1
1 0
0 1
1 0
0 1
1 0
0 1
1 0
0 1
1 0
0 1
1 0
0 1
1 0
0 1
1 0
0 1
1 0
0 1
1 0
0 1
1 0
0 1
1 0
0 1
1 0
0 1
1 0
0 1
1 0
0 1
1 0
0 1
1 0
0 1
1 0
0 1
1 0
0 1
1 0
0 1
1 0
0 1
1 0
0 1
1 0
0 1
1 0
0 1
1 0
0 1
1 0
0 1
1 0
0 1
1 0
0 1
1 0
0 1
1 0
0 1
1 0
a group
0 1 2 3 4 5
0 1 2 3 4 5
0 1 2 3 5 4
0 1 2 3 5 4
0 1 3 2 4 5
0 1 3 2 4 5
0 1 3 2 5 4
0 1 3 2 5 4
0 1 4 5 2 3
0 1 4 5 2 3
0 1 4 5 3 2
0 1 4 5 3 2
0 1 5 4 2 3
0 1 5 4 2 3
0 1 5 4 3 2
0 1 5 4 3 2
1 0 2 3 4 5
1 0 2 3 4 5
1 0 2 3 5 4
1 0 2 3 5 4
1 0 3 2 4 5
1 0 3 2 4 5
1 0 3 2 5 4
1 0 3 2 5 4
1 0 4 5 2 3
1 0 4 5 2 3
1 0 4 5 3 2
1 0 4 5 3 2
1 0 5 4 2 3
1 0 5 4 2 3
1 0 5 4 3 2
1 0 5 4 3 2
2 3 0 1 4 5
2 3 0 1 4 5
2 3 0 1 5 4
2 3 0 1 5 4
2 3 1 0 4 5
2 3 1 0 4 5
2 3 1 0 5 4
2 3 1 0 5 4
2 3 4 5 0 1
2 3 4 5 0 1
2 3 4 5 1 0
2 3 4 5 1 0
2 3 5 4 0 1
2 3 5 4 0 1
2 3 5 4 1 0
2 3 5 4 1 0
3 2 0 1 4 5
3 2 0 1 4 5
3 2 0 1 5 4
3 2 0 1 5 4
3 2 1 0 4 5
3 2 1 0 4 5
3 2 1 0 5 4
3 2 1 0 5 4
3 2 4 5 0 1
3 2 4 5 0 1
3 2 4 5 1 0
3 2 4 5 1 0
3 2 5 4 0 1
3 2 5 4 0 1
3 2 5 4 1 0
3 2 5 4 1 0
4 5 0 1 2 3
4 5 0 1 2 3
4 5 0 1 3 2
4 5 0 1 3 2
4 5 1 0 2 3
4 5 1 0 2 3
4 5 1 0 3 2
4 5 1 0 3 2
4 5 2 3 0 1
4 5 2 3 0 1
4 5 2 3 1 0
4 5 2 3 1 0
4 5 3 2 0 1
4 5 3 2 0 1
4 5 3 2 1 0
4 5 3 2 1 0
5 4 0 1 2 3
5 4 0 1 2 3
5 4 0 1 3 2
5 4 0 1 3 2
5 4 1 0 2 3
5 4 1 0 2 3
5 4 1 0 3 2
5 4 1 0 3 2
5 4 2 3 0 1
5 4 2 3 0 1
5 4 2 3 1 0
5 4 2 3 1 0
5 4 3 2 0 1
5 4 3 2 0 1
5 4 3 2 1 0
5 4 3 2 1 0
('arrowings', 1)
('coef', 3)
*************************************************************
concentrations
1 1
group
0 1
1 0
0 1
1 0
0 1
1 0
0 1
1 0
0 1
1 0
0 1
1 0
0 1
1 0
0 1
1 0
0 1
1 0
0 1
1 0
0 1
1 0
0 1
1 0
0 1
1 0
0 1
1 0
0 1
1 0
0 1
1 0
0 1
1 0
0 1
1 0
0 1
1 0
0 1
1 0
0 1
1 0
0 1
1 0
0 1
1 0
0 1
1 0
0 1
1 0
0 1
1 0
0 1
1 0
0 1
1 0
0 1
1 0
0 1
1 0
0 1
1 0
0 1
1 0
0 1
1 0
0 1
1 0
0 1
1 0
0 1
1 0
0 1
1 0
0 1
1 0
0 1
1 0
0 1
1 0
0 1
1 0
0 1
1 0
0 1
1 0
0 1
1 0
0 1
1 0
0 1
1 0
0 1
1 0
0 1
1 0
a group
0 1 2 3 4 5
0 1 2 3 4 5
0 1 2 3 5 4
0 1 2 3 5 4
0 1 3 2 4 5
0 1 3 2 4 5
0 1 3 2 5 4
0 1 3 2 5 4
0 1 4 5 2 3
0 1 4 5 2 3
0 1 4 5 3 2
0 1 4 5 3 2
0 1 5 4 2 3
0 1 5 4 2 3
0 1 5 4 3 2
0 1 5 4 3 2
1 0 2 3 4 5
1 0 2 3 4 5
1 0 2 3 5 4
1 0 2 3 5 4
1 0 3 2 4 5
1 0 3 2 4 5
1 0 3 2 5 4
1 0 3 2 5 4
1 0 4 5 2 3
1 0 4 5 2 3
1 0 4 5 3 2
1 0 4 5 3 2
1 0 5 4 2 3
1 0 5 4 2 3
1 0 5 4 3 2
1 0 5 4 3 2
2 3 0 1 4 5
2 3 0 1 4 5
2 3 0 1 5 4
2 3 0 1 5 4
2 3 1 0 4 5
2 3 1 0 4 5
2 3 1 0 5 4
2 3 1 0 5 4
2 3 4 5 0 1
2 3 4 5 0 1
2 3 4 5 1 0
2 3 4 5 1 0
2 3 5 4 0 1
2 3 5 4 0 1
2 3 5 4 1 0
2 3 5 4 1 0
3 2 0 1 4 5
3 2 0 1 4 5
3 2 0 1 5 4
3 2 0 1 5 4
3 2 1 0 4 5
3 2 1 0 4 5
3 2 1 0 5 4
3 2 1 0 5 4
3 2 4 5 0 1
3 2 4 5 0 1
3 2 4 5 1 0
3 2 4 5 1 0
3 2 5 4 0 1
3 2 5 4 0 1
3 2 5 4 1 0
3 2 5 4 1 0
4 5 0 1 2 3
4 5 0 1 2 3
4 5 0 1 3 2
4 5 0 1 3 2
4 5 1 0 2 3
4 5 1 0 2 3
4 5 1 0 3 2
4 5 1 0 3 2
4 5 2 3 0 1
4 5 2 3 0 1
4 5 2 3 1 0
4 5 2 3 1 0
4 5 3 2 0 1
4 5 3 2 0 1
4 5 3 2 1 0
4 5 3 2 1 0
5 4 0 1 2 3
5 4 0 1 2 3
5 4 0 1 3 2
5 4 0 1 3 2
5 4 1 0 2 3
5 4 1 0 2 3
5 4 1 0 3 2
5 4 1 0 3 2
5 4 2 3 0 1
5 4 2 3 0 1
5 4 2 3 1 0
5 4 2 3 1 0
5 4 3 2 0 1
5 4 3 2 0 1
5 4 3 2 1 0
5 4 3 2 1 0
('arrowings', 1)
('coef', 1)
*************************************************************
concentrations
0 2 0
group
0 1
1 0
0 1
1 0
0 1
1 0
0 1
1 0
0 1
1 0
0 1
1 0
0 1
1 0
0 1
1 0
0 1
1 0
0 1
1 0
0 1
1 0
0 1
1 0
0 1
1 0
0 1
1 0
0 1
1 0
0 1
1 0
0 1
1 0
0 1
1 0
0 1
1 0
0 1
1 0
0 1
1 0
0 1
1 0
0 1
1 0
0 1
1 0
0 1
1 0
0 1
1 0
0 1
1 0
0 1
1 0
0 1
1 0
0 1
1 0
0 1
1 0
0 1
1 0
0 1
1 0
0 1
1 0
0 1
1 0
0 1
1 0
0 1
1 0
0 1
1 0
0 1
1 0
0 1
1 0
0 1
1 0
0 1
1 0
0 1
1 0
0 1
1 0
0 1
1 0
0 1
1 0
0 1
1 0
0 1
1 0
a group
0 1 2 3 4 5
0 1 2 3 4 5
0 1 2 3 5 4
0 1 2 3 5 4
0 1 3 2 4 5
0 1 3 2 4 5
0 1 3 2 5 4
0 1 3 2 5 4
0 1 4 5 2 3
0 1 4 5 2 3
0 1 4 5 3 2
0 1 4 5 3 2
0 1 5 4 2 3
0 1 5 4 2 3
0 1 5 4 3 2
0 1 5 4 3 2
1 0 2 3 4 5
1 0 2 3 4 5
1 0 2 3 5 4
1 0 2 3 5 4
1 0 3 2 4 5
1 0 3 2 4 5
1 0 3 2 5 4
1 0 3 2 5 4
1 0 4 5 2 3
1 0 4 5 2 3
1 0 4 5 3 2
1 0 4 5 3 2
1 0 5 4 2 3
1 0 5 4 2 3
1 0 5 4 3 2
1 0 5 4 3 2
2 3 0 1 4 5
2 3 0 1 4 5
2 3 0 1 5 4
2 3 0 1 5 4
2 3 1 0 4 5
2 3 1 0 4 5
2 3 1 0 5 4
2 3 1 0 5 4
2 3 4 5 0 1
2 3 4 5 0 1
2 3 4 5 1 0
2 3 4 5 1 0
2 3 5 4 0 1
2 3 5 4 0 1
2 3 5 4 1 0
2 3 5 4 1 0
3 2 0 1 4 5
3 2 0 1 4 5
3 2 0 1 5 4
3 2 0 1 5 4
3 2 1 0 4 5
3 2 1 0 4 5
3 2 1 0 5 4
3 2 1 0 5 4
3 2 4 5 0 1
3 2 4 5 0 1
3 2 4 5 1 0
3 2 4 5 1 0
3 2 5 4 0 1
3 2 5 4 0 1
3 2 5 4 1 0
3 2 5 4 1 0
4 5 0 1 2 3
4 5 0 1 2 3
4 5 0 1 3 2
4 5 0 1 3 2
4 5 1 0 2 3
4 5 1 0 2 3
4 5 1 0 3 2
4 5 1 0 3 2
4 5 2 3 0 1
4 5 2 3 0 1
4 5 2 3 1 0
4 5 2 3 1 0
4 5 3 2 0 1
4 5 3 2 0 1
4 5 3 2 1 0
4 5 3 2 1 0
5 4 0 1 2 3
5 4 0 1 2 3
5 4 0 1 3 2
5 4 0 1 3 2
5 4 1 0 2 3
5 4 1 0 2 3
5 4 1 0 3 2
5 4 1 0 3 2
5 4 2 3 0 1
5 4 2 3 0 1
5 4 2 3 1 0
5 4 2 3 1 0
5 4 3 2 0 1
5 4 3 2 0 1
5 4 3 2 1 0
5 4 3 2 1 0
('arrowings', None)
('coef', 1)
*************************************************************
concentrations
1 1
group
0 1
1 0
0 1
1 0
0 1
1 0
0 1
1 0
0 1
1 0
0 1
1 0
0 1
1 0
0 1
1 0
0 1
1 0
0 1
1 0
0 1
1 0
0 1
1 0
0 1
1 0
0 1
1 0
0 1
1 0
0 1
1 0
0 1
1 0
0 1
1 0
0 1
1 0
0 1
1 0
0 1
1 0
0 1
1 0
0 1
1 0
0 1
1 0
0 1
1 0
0 1
1 0
0 1
1 0
0 1
1 0
0 1
1 0
0 1
1 0
0 1
1 0
0 1
1 0
0 1
1 0
0 1
1 0
0 1
1 0
0 1
1 0
0 1
1 0
0 1
1 0
0 1
1 0
0 1
1 0
0 1
1 0
0 1
1 0
0 1
1 0
0 1
1 0
0 1
1 0
0 1
1 0
0 1
1 0
0 1
1 0
a group
0 1 2 3 4 5
0 1 2 3 4 5
0 1 2 3 5 4
0 1 2 3 5 4
0 1 3 2 4 5
0 1 3 2 4 5
0 1 3 2 5 4
0 1 3 2 5 4
0 1 4 5 2 3
0 1 4 5 2 3
0 1 4 5 3 2
0 1 4 5 3 2
0 1 5 4 2 3
0 1 5 4 2 3
0 1 5 4 3 2
0 1 5 4 3 2
1 0 2 3 4 5
1 0 2 3 4 5
1 0 2 3 5 4
1 0 2 3 5 4
1 0 3 2 4 5
1 0 3 2 4 5
1 0 3 2 5 4
1 0 3 2 5 4
1 0 4 5 2 3
1 0 4 5 2 3
1 0 4 5 3 2
1 0 4 5 3 2
1 0 5 4 2 3
1 0 5 4 2 3
1 0 5 4 3 2
1 0 5 4 3 2
2 3 0 1 4 5
2 3 0 1 4 5
2 3 0 1 5 4
2 3 0 1 5 4
2 3 1 0 4 5
2 3 1 0 4 5
2 3 1 0 5 4
2 3 1 0 5 4
2 3 4 5 0 1
2 3 4 5 0 1
2 3 4 5 1 0
2 3 4 5 1 0
2 3 5 4 0 1
2 3 5 4 0 1
2 3 5 4 1 0
2 3 5 4 1 0
3 2 0 1 4 5
3 2 0 1 4 5
3 2 0 1 5 4
3 2 0 1 5 4
3 2 1 0 4 5
3 2 1 0 4 5
3 2 1 0 5 4
3 2 1 0 5 4
3 2 4 5 0 1
3 2 4 5 0 1
3 2 4 5 1 0
3 2 4 5 1 0
3 2 5 4 0 1
3 2 5 4 0 1
3 2 5 4 1 0
3 2 5 4 1 0
4 5 0 1 2 3
4 5 0 1 2 3
4 5 0 1 3 2
4 5 0 1 3 2
4 5 1 0 2 3
4 5 1 0 2 3
4 5 1 0 3 2
4 5 1 0 3 2
4 5 2 3 0 1
4 5 2 3 0 1
4 5 2 3 1 0
4 5 2 3 1 0
4 5 3 2 0 1
4 5 3 2 0 1
4 5 3 2 1 0
4 5 3 2 1 0
5 4 0 1 2 3
5 4 0 1 2 3
5 4 0 1 3 2
5 4 0 1 3 2
5 4 1 0 2 3
5 4 1 0 2 3
5 4 1 0 3 2
5 4 1 0 3 2
5 4 2 3 0 1
5 4 2 3 0 1
5 4 2 3 1 0
5 4 2 3 1 0
5 4 3 2 0 1
5 4 3 2 0 1
5 4 3 2 1 0
5 4 3 2 1 0
('arrowings', 1)
('coef', 1)
*************************************************************
concentrations
1 1 0
group
0 1
1 0
0 1
1 0
0 1
1 0
0 1
1 0
0 1
1 0
0 1
1 0
0 1
1 0
0 1
1 0
0 1
1 0
0 1
1 0
0 1
1 0
0 1
1 0
0 1
1 0
0 1
1 0
0 1
1 0
0 1
1 0
0 1
1 0
0 1
1 0
0 1
1 0
0 1
1 0
0 1
1 0
0 1
1 0
0 1
1 0
0 1
1 0
0 1
1 0
0 1
1 0
0 1
1 0
0 1
1 0
0 1
1 0
0 1
1 0
0 1
1 0
0 1
1 0
0 1
1 0
0 1
1 0
0 1
1 0
0 1
1 0
0 1
1 0
0 1
1 0
0 1
1 0
0 1
1 0
0 1
1 0
0 1
1 0
0 1
1 0
0 1
1 0
0 1
1 0
0 1
1 0
0 1
1 0
0 1
1 0
a group
0 1 2 3 4 5
0 1 2 3 4 5
0 1 2 3 5 4
0 1 2 3 5 4
0 1 3 2 4 5
0 1 3 2 4 5
0 1 3 2 5 4
0 1 3 2 5 4
0 1 4 5 2 3
0 1 4 5 2 3
0 1 4 5 3 2
0 1 4 5 3 2
0 1 5 4 2 3
0 1 5 4 2 3
0 1 5 4 3 2
0 1 5 4 3 2
1 0 2 3 4 5
1 0 2 3 4 5
1 0 2 3 5 4
1 0 2 3 5 4
1 0 3 2 4 5
1 0 3 2 4 5
1 0 3 2 5 4
1 0 3 2 5 4
1 0 4 5 2 3
1 0 4 5 2 3
1 0 4 5 3 2
1 0 4 5 3 2
1 0 5 4 2 3
1 0 5 4 2 3
1 0 5 4 3 2
1 0 5 4 3 2
2 3 0 1 4 5
2 3 0 1 4 5
2 3 0 1 5 4
2 3 0 1 5 4
2 3 1 0 4 5
2 3 1 0 4 5
2 3 1 0 5 4
2 3 1 0 5 4
2 3 4 5 0 1
2 3 4 5 0 1
2 3 4 5 1 0
2 3 4 5 1 0
2 3 5 4 0 1
2 3 5 4 0 1
2 3 5 4 1 0
2 3 5 4 1 0
3 2 0 1 4 5
3 2 0 1 4 5
3 2 0 1 5 4
3 2 0 1 5 4
3 2 1 0 4 5
3 2 1 0 4 5
3 2 1 0 5 4
3 2 1 0 5 4
3 2 4 5 0 1
3 2 4 5 0 1
3 2 4 5 1 0
3 2 4 5 1 0
3 2 5 4 0 1
3 2 5 4 0 1
3 2 5 4 1 0
3 2 5 4 1 0
4 5 0 1 2 3
4 5 0 1 2 3
4 5 0 1 3 2
4 5 0 1 3 2
4 5 1 0 2 3
4 5 1 0 2 3
4 5 1 0 3 2
4 5 1 0 3 2
4 5 2 3 0 1
4 5 2 3 0 1
4 5 2 3 1 0
4 5 2 3 1 0
4 5 3 2 0 1
4 5 3 2 0 1
4 5 3 2 1 0
4 5 3 2 1 0
5 4 0 1 2 3
5 4 0 1 2 3
5 4 0 1 3 2
5 4 0 1 3 2
5 4 1 0 2 3
5 4 1 0 2 3
5 4 1 0 3 2
5 4 1 0 3 2
5 4 2 3 0 1
5 4 2 3 0 1
5 4 2 3 1 0
5 4 2 3 1 0
5 4 3 2 0 1
5 4 3 2 0 1
5 4 3 2 1 0
5 4 3 2 1 0
('arrowings', None)
('coef', 1)
*************************************************************
concentrations
2 0 0
group
0 1
1 0
0 1
1 0
0 1
1 0
0 1
1 0
0 1
1 0
0 1
1 0
0 1
1 0
0 1
1 0
0 1
1 0
0 1
1 0
0 1
1 0
0 1
1 0
0 1
1 0
0 1
1 0
0 1
1 0
0 1
1 0
0 1
1 0
0 1
1 0
0 1
1 0
0 1
1 0
0 1
1 0
0 1
1 0
0 1
1 0
0 1
1 0
0 1
1 0
0 1
1 0
0 1
1 0
0 1
1 0
0 1
1 0
0 1
1 0
0 1
1 0
0 1
1 0
0 1
1 0
0 1
1 0
0 1
1 0
0 1
1 0
0 1
1 0
0 1
1 0
0 1
1 0
0 1
1 0
0 1
1 0
0 1
1 0
0 1
1 0
0 1
1 0
0 1
1 0
0 1
1 0
0 1
1 0
0 1
1 0
a group
0 1 2 3 4 5
0 1 2 3 4 5
0 1 2 3 5 4
0 1 2 3 5 4
0 1 3 2 4 5
0 1 3 2 4 5
0 1 3 2 5 4
0 1 3 2 5 4
0 1 4 5 2 3
0 1 4 5 2 3
0 1 4 5 3 2
0 1 4 5 3 2
0 1 5 4 2 3
0 1 5 4 2 3
0 1 5 4 3 2
0 1 5 4 3 2
1 0 2 3 4 5
1 0 2 3 4 5
1 0 2 3 5 4
1 0 2 3 5 4
1 0 3 2 4 5
1 0 3 2 4 5
1 0 3 2 5 4
1 0 3 2 5 4
1 0 4 5 2 3
1 0 4 5 2 3
1 0 4 5 3 2
1 0 4 5 3 2
1 0 5 4 2 3
1 0 5 4 2 3
1 0 5 4 3 2
1 0 5 4 3 2
2 3 0 1 4 5
2 3 0 1 4 5
2 3 0 1 5 4
2 3 0 1 5 4
2 3 1 0 4 5
2 3 1 0 4 5
2 3 1 0 5 4
2 3 1 0 5 4
2 3 4 5 0 1
2 3 4 5 0 1
2 3 4 5 1 0
2 3 4 5 1 0
2 3 5 4 0 1
2 3 5 4 0 1
2 3 5 4 1 0
2 3 5 4 1 0
3 2 0 1 4 5
3 2 0 1 4 5
3 2 0 1 5 4
3 2 0 1 5 4
3 2 1 0 4 5
3 2 1 0 4 5
3 2 1 0 5 4
3 2 1 0 5 4
3 2 4 5 0 1
3 2 4 5 0 1
3 2 4 5 1 0
3 2 4 5 1 0
3 2 5 4 0 1
3 2 5 4 0 1
3 2 5 4 1 0
3 2 5 4 1 0
4 5 0 1 2 3
4 5 0 1 2 3
4 5 0 1 3 2
4 5 0 1 3 2
4 5 1 0 2 3
4 5 1 0 2 3
4 5 1 0 3 2
4 5 1 0 3 2
4 5 2 3 0 1
4 5 2 3 0 1
4 5 2 3 1 0
4 5 2 3 1 0
4 5 3 2 0 1
4 5 3 2 0 1
4 5 3 2 1 0
4 5 3 2 1 0
5 4 0 1 2 3
5 4 0 1 2 3
5 4 0 1 3 2
5 4 0 1 3 2
5 4 1 0 2 3
5 4 1 0 2 3
5 4 1 0 3 2
5 4 1 0 3 2
5 4 2 3 0 1
5 4 2 3 0 1
5 4 2 3 1 0
5 4 2 3 1 0
5 4 3 2 0 1
5 4 3 2 0 1
5 4 3 2 1 0
5 4 3 2 1 0
('arrowings', None)
('coef', 1)
