# HNF                       0:0:2                                             0:1:1                                             0:2:0                                             1:0:1                                             1:1:0                                             2:0:0                                             Total                                             
  1 0 1 0 0 2               6                                                 2                                                 1                                                 2                                                 1                                                 1                                                 13        
  1 0 1 0 1 2               6                                                 2                                                 1                                                 2                                                 1                                                 1                                                 13        
  1 0 1 1 1 2               3                                                 1                                                 1                                                 1                                                 1                                                 1                                                 8         
# ----------------------------------------------------------------------------------------------------
  0 0 0 0 0 0               15                                                5                                                 3                                                 5                                                 3                                                 3                                                 34                                                
