Number of symmetry operations: 48
Op #: 1
 -1.000000   0.000000   0.000000
  0.000000  -1.000000   0.000000
  0.000000   0.000000   1.000000
shift:   0.0000   0.0000   0.0000
Op #: 2
  0.000000  -1.000000   0.000000
 -1.000000   0.000000   0.000000
  0.000000   0.000000   1.000000
shift:   0.0000   0.0000   0.0000
Op #: 3
 -1.000000   0.000000   0.000000
  0.000000  -1.000000   0.000000
  0.000000   0.000000  -1.000000
shift:   0.0000   0.0000   0.0000
Op #: 4
  0.000000  -1.000000   0.000000
 -1.000000   0.000000   0.000000
  0.000000   0.000000  -1.000000
shift:   0.0000   0.0000   0.0000
Op #: 5
 -1.000000   0.000000   0.000000
  0.000000   0.000000   1.000000
  0.000000  -1.000000   0.000000
shift:   0.0000   0.0000   0.0000
Op #: 6
  0.000000   0.000000   1.000000
 -1.000000   0.000000   0.000000
  0.000000  -1.000000   0.000000
shift:   0.0000   0.0000   0.0000
Op #: 7
 -1.000000   0.000000   0.000000
  0.000000   0.000000   1.000000
  0.000000   1.000000   0.000000
shift:   0.0000   0.0000   0.0000
Op #: 8
  0.000000   0.000000   1.000000
 -1.000000   0.000000   0.000000
  0.000000   1.000000   0.000000
shift:   0.0000   0.0000   0.0000
Op #: 9
  0.000000  -1.000000   0.000000
  0.000000   0.000000   1.000000
 -1.000000   0.000000   0.000000
shift:   0.0000   0.0000   0.0000
Op #:10
  0.000000   0.000000   1.000000
  0.000000  -1.000000   0.000000
 -1.000000   0.000000   0.000000
shift:   0.0000   0.0000   0.0000
Op #:11
  0.000000  -1.000000   0.000000
  0.000000   0.000000   1.000000
  1.000000   0.000000   0.000000
shift:   0.0000   0.0000   0.0000
Op #:12
  0.000000   0.000000   1.000000
  0.000000  -1.000000   0.000000
  1.000000   0.000000   0.000000
shift:   0.0000   0.0000   0.0000
Op #:13
 -1.000000   0.000000   0.000000
  0.000000   0.000000  -1.000000
  0.000000  -1.000000   0.000000
shift:   0.0000   0.0000   0.0000
Op #:14
 -1.000000   0.000000   0.000000
  0.000000   0.000000  -1.000000
  0.000000   1.000000   0.000000
shift:   0.0000   0.0000   0.0000
Op #:15
  0.000000   0.000000  -1.000000
 -1.000000   0.000000   0.000000
  0.000000  -1.000000   0.000000
shift:   0.0000   0.0000   0.0000
Op #:16
  0.000000   0.000000  -1.000000
 -1.000000   0.000000   0.000000
  0.000000   1.000000   0.000000
shift:   0.0000   0.0000   0.0000
Op #:17
 -1.000000   0.000000   0.000000
  0.000000   1.000000   0.000000
  0.000000   0.000000   1.000000
shift:   0.0000   0.0000   0.0000
Op #:18
 -1.000000   0.000000   0.000000
  0.000000   1.000000   0.000000
  0.000000   0.000000  -1.000000
shift:   0.0000   0.0000   0.0000
Op #:19
  0.000000   1.000000   0.000000
 -1.000000   0.000000   0.000000
  0.000000   0.000000   1.000000
shift:   0.0000   0.0000   0.0000
Op #:20
  0.000000   1.000000   0.000000
 -1.000000   0.000000   0.000000
  0.000000   0.000000  -1.000000
shift:   0.0000   0.0000   0.0000
Op #:21
  0.000000  -1.000000   0.000000
  0.000000   0.000000  -1.000000
 -1.000000   0.000000   0.000000
shift:   0.0000   0.0000   0.0000
Op #:22
  0.000000   0.000000  -1.000000
  0.000000  -1.000000   0.000000
 -1.000000   0.000000   0.000000
shift:   0.0000   0.0000   0.0000
Op #:23
  0.000000  -1.000000   0.000000
  0.000000   0.000000  -1.000000
  1.000000   0.000000   0.000000
shift:   0.0000   0.0000   0.0000
Op #:24
  0.000000   0.000000  -1.000000
  0.000000  -1.000000   0.000000
  1.000000   0.000000   0.000000
shift:   0.0000   0.0000   0.0000
Op #:25
  0.000000   0.000000   1.000000
  0.000000   1.000000   0.000000
 -1.000000   0.000000   0.000000
shift:   0.0000   0.0000   0.0000
Op #:26
  0.000000   1.000000   0.000000
  0.000000   0.000000   1.000000
 -1.000000   0.000000   0.000000
shift:   0.0000   0.0000   0.0000
Op #:27
  0.000000   0.000000   1.000000
  0.000000   1.000000   0.000000
  1.000000   0.000000   0.000000
shift:   0.0000   0.0000   0.0000
Op #:28
  0.000000   1.000000   0.000000
  0.000000   0.000000   1.000000
  1.000000   0.000000   0.000000
shift:   0.0000   0.0000   0.0000
Op #:29
  0.000000  -1.000000   0.000000
  1.000000   0.000000   0.000000
  0.000000   0.000000   1.000000
shift:   0.0000   0.0000   0.0000
Op #:30
  0.000000  -1.000000   0.000000
  1.000000   0.000000   0.000000
  0.000000   0.000000  -1.000000
shift:   0.0000   0.0000   0.0000
Op #:31
  1.000000   0.000000   0.000000
  0.000000  -1.000000   0.000000
  0.000000   0.000000   1.000000
shift:   0.0000   0.0000   0.0000
Op #:32
  1.000000   0.000000   0.000000
  0.000000  -1.000000   0.000000
  0.000000   0.000000  -1.000000
shift:   0.0000   0.0000   0.0000
Op #:33
  0.000000   0.000000   1.000000
  1.000000   0.000000   0.000000
  0.000000  -1.000000   0.000000
shift:   0.0000   0.0000   0.0000
Op #:34
  0.000000   0.000000   1.000000
  1.000000   0.000000   0.000000
  0.000000   1.000000   0.000000
shift:   0.0000   0.0000   0.0000
Op #:35
  1.000000   0.000000   0.000000
  0.000000   0.000000   1.000000
  0.000000  -1.000000   0.000000
shift:   0.0000   0.0000   0.0000
Op #:36
  1.000000   0.000000   0.000000
  0.000000   0.000000   1.000000
  0.000000   1.000000   0.000000
shift:   0.0000   0.0000   0.0000
Op #:37
  0.000000   0.000000  -1.000000
  0.000000   1.000000   0.000000
 -1.000000   0.000000   0.000000
shift:   0.0000   0.0000   0.0000
Op #:38
  0.000000   1.000000   0.000000
  0.000000   0.000000  -1.000000
 -1.000000   0.000000   0.000000
shift:   0.0000   0.0000   0.0000
Op #:39
  0.000000   0.000000  -1.000000
  0.000000   1.000000   0.000000
  1.000000   0.000000   0.000000
shift:   0.0000   0.0000   0.0000
Op #:40
  0.000000   1.000000   0.000000
  0.000000   0.000000  -1.000000
  1.000000   0.000000   0.000000
shift:   0.0000   0.0000   0.0000
Op #:41
  0.000000   0.000000  -1.000000
  1.000000   0.000000   0.000000
  0.000000  -1.000000   0.000000
shift:   0.0000   0.0000   0.0000
Op #:42
  1.000000   0.000000   0.000000
  0.000000   0.000000  -1.000000
  0.000000  -1.000000   0.000000
shift:   0.0000   0.0000   0.0000
Op #:43
  0.000000   0.000000  -1.000000
  1.000000   0.000000   0.000000
  0.000000   1.000000   0.000000
shift:   0.0000   0.0000   0.0000
Op #:44
  1.000000   0.000000   0.000000
  0.000000   0.000000  -1.000000
  0.000000   1.000000   0.000000
shift:   0.0000   0.0000   0.0000
Op #:45
  0.000000   1.000000   0.000000
  1.000000   0.000000   0.000000
  0.000000   0.000000   1.000000
shift:   0.0000   0.0000   0.0000
Op #:46
  1.000000   0.000000   0.000000
  0.000000   1.000000   0.000000
  0.000000   0.000000   1.000000
shift:   0.0000   0.0000   0.0000
Op #:47
  0.000000   1.000000   0.000000
  1.000000   0.000000   0.000000
  0.000000   0.000000  -1.000000
shift:   0.0000   0.0000   0.0000
Op #:48
  1.000000   0.000000   0.000000
  0.000000   1.000000   0.000000
  0.000000   0.000000  -1.000000
shift:   0.0000   0.0000   0.0000
